SHA256_OK DR_Yaglom.tex 652c080e30cfc8cb37ea9636ae74e4c0b30875e1a69db5ae81008137b5a0b82a
SHA256_OK DerridaRetaux/HumanInputs.lean 2f35158a78164c7ffe0e8def2049a5c6c9a747fa3671b38965110677752f465e
SOURCE_OK lines=1127 labels=105 equations=82 numbered_results=15
TRUST_SCAN_OK lean_files=291 proof_holes=0 unsafe=0 extern=0 custom_axioms=4
LEDGER_COVERAGE_OK statements=15 equations=82 unnumbered=62 declarations=419

Explicit source scan (paths relative to delivered DR_Yaglom directory):
SCANNED DerridaRetaux.lean forbidden_tokens=0
SCANNED DerridaRetaux/Analysis/AtomDomination.lean forbidden_tokens=0
SCANNED DerridaRetaux/Analysis/BoundaryPointwise.lean forbidden_tokens=0
SCANNED DerridaRetaux/Analysis/CoefficientVariation.lean forbidden_tokens=0
SCANNED DerridaRetaux/Analysis/ConditionalTV.lean forbidden_tokens=0
SCANNED DerridaRetaux/Analysis/ContinuumLaplaceContinuity.lean forbidden_tokens=0
SCANNED DerridaRetaux/Analysis/ContinuumMomentContinuity.lean forbidden_tokens=0
SCANNED DerridaRetaux/Analysis/ContinuumMomentIntegrability.lean forbidden_tokens=0
SCANNED DerridaRetaux/Analysis/ContinuumMomentUniformContinuity.lean forbidden_tokens=0
SCANNED DerridaRetaux/Analysis/ConvolutionContinuity.lean forbidden_tokens=0
SCANNED DerridaRetaux/Analysis/ConvolutionContinuityOn.lean forbidden_tokens=0
SCANNED DerridaRetaux/Analysis/ConvolutionNearZero.lean forbidden_tokens=0
SCANNED DerridaRetaux/Analysis/ConvolutionNorms.lean forbidden_tokens=0
SCANNED DerridaRetaux/Analysis/ConvolutionTriangle.lean forbidden_tokens=0
SCANNED DerridaRetaux/Analysis/DecrementLimit.lean forbidden_tokens=0
SCANNED DerridaRetaux/Analysis/DensityMassFixedCutoff.lean forbidden_tokens=0
SCANNED DerridaRetaux/Analysis/DensityMassFromCompact.lean forbidden_tokens=0
SCANNED DerridaRetaux/Analysis/DensityMassLimit.lean forbidden_tokens=0
SCANNED DerridaRetaux/Analysis/DiscreteMildDuhamel.lean forbidden_tokens=0
SCANNED DerridaRetaux/Analysis/EventuallyLocalUniform.lean forbidden_tokens=0
SCANNED DerridaRetaux/Analysis/ExcessConsequences.lean forbidden_tokens=0
SCANNED DerridaRetaux/Analysis/ExpRemainder.lean forbidden_tokens=0
SCANNED DerridaRetaux/Analysis/ExponentialGrid.lean forbidden_tokens=0
SCANNED DerridaRetaux/Analysis/FloorTransportBoxGeometry.lean forbidden_tokens=0
SCANNED DerridaRetaux/Analysis/FloorTransportGeometry.lean forbidden_tokens=0
SCANNED DerridaRetaux/Analysis/GluedCompactBox.lean forbidden_tokens=0
SCANNED DerridaRetaux/Analysis/GluedExhaustionLimit.lean forbidden_tokens=0
SCANNED DerridaRetaux/Analysis/GluedLimitProperties.lean forbidden_tokens=0
SCANNED DerridaRetaux/Analysis/GluedTimeSlice.lean forbidden_tokens=0
SCANNED DerridaRetaux/Analysis/GluedTimeSliceOrbit.lean forbidden_tokens=0
SCANNED DerridaRetaux/Analysis/GridCompactness.lean forbidden_tokens=0
SCANNED DerridaRetaux/Analysis/GridEquicontinuity.lean forbidden_tokens=0
SCANNED DerridaRetaux/Analysis/GridInterpolation.lean forbidden_tokens=0
SCANNED DerridaRetaux/Analysis/GridReadout.lean forbidden_tokens=0
SCANNED DerridaRetaux/Analysis/HalfLineDensityMeasure.lean forbidden_tokens=0
SCANNED DerridaRetaux/Analysis/HalfLineIntegrability.lean forbidden_tokens=0
SCANNED DerridaRetaux/Analysis/HalfLineLaplaceIntegrability.lean forbidden_tokens=0
SCANNED DerridaRetaux/Analysis/HalfLineMomentTransfer.lean forbidden_tokens=0
SCANNED DerridaRetaux/Analysis/HalfLineShiftDerivatives.lean forbidden_tokens=0
SCANNED DerridaRetaux/Analysis/HalfLineShiftLaplace.lean forbidden_tokens=0
SCANNED DerridaRetaux/Analysis/HalfLineShiftMoments.lean forbidden_tokens=0
SCANNED DerridaRetaux/Analysis/HigherSegmentFloorLimit.lean forbidden_tokens=0
SCANNED DerridaRetaux/Analysis/HigherSourceVanishing.lean forbidden_tokens=0
SCANNED DerridaRetaux/Analysis/ImproperFTCNonneg.lean forbidden_tokens=0
SCANNED DerridaRetaux/Analysis/InitialSegmentLimit.lean forbidden_tokens=0
SCANNED DerridaRetaux/Analysis/IntegratedRemainder.lean forbidden_tokens=0
SCANNED DerridaRetaux/Analysis/LaplaceDuhamelIntegrability.lean forbidden_tokens=0
SCANNED DerridaRetaux/Analysis/LaplaceGap.lean forbidden_tokens=0
SCANNED DerridaRetaux/Analysis/LaplaceMildDerivative.lean forbidden_tokens=0
SCANNED DerridaRetaux/Analysis/LaplaceMildIdentity.lean forbidden_tokens=0
SCANNED DerridaRetaux/Analysis/LaplaceUniqueness.lean forbidden_tokens=0
SCANNED DerridaRetaux/Analysis/LatticeMeasure.lean forbidden_tokens=0
SCANNED DerridaRetaux/Analysis/LatticeRiemannLimit.lean forbidden_tokens=0
SCANNED DerridaRetaux/Analysis/LatticeWeakConvergence.lean forbidden_tokens=0
SCANNED DerridaRetaux/Analysis/LatticeWeakFromLocal.lean forbidden_tokens=0
SCANNED DerridaRetaux/Analysis/LimitTail.lean forbidden_tokens=0
SCANNED DerridaRetaux/Analysis/LocalACClosure.lean forbidden_tokens=0
SCANNED DerridaRetaux/Analysis/LocalShiftIntegralContinuity.lean forbidden_tokens=0
SCANNED DerridaRetaux/Analysis/LocalizedTimeRiemann.lean forbidden_tokens=0
SCANNED DerridaRetaux/Analysis/LogRate.lean forbidden_tokens=0
SCANNED DerridaRetaux/Analysis/LogSmoothingArithmetic.lean forbidden_tokens=0
SCANNED DerridaRetaux/Analysis/MeanConsequences.lean forbidden_tokens=0
SCANNED DerridaRetaux/Analysis/MildCoefficientLimits.lean forbidden_tokens=0
SCANNED DerridaRetaux/Analysis/MildEquation.lean forbidden_tokens=0
SCANNED DerridaRetaux/Analysis/MildEquationBoundary.lean forbidden_tokens=0
SCANNED DerridaRetaux/Analysis/MildEquationLimit.lean forbidden_tokens=0
SCANNED DerridaRetaux/Analysis/MildIntegralContinuity.lean forbidden_tokens=0
SCANNED DerridaRetaux/Analysis/MildMomentIdentity.lean forbidden_tokens=0
SCANNED DerridaRetaux/Analysis/MildQuadraticCoefficient.lean forbidden_tokens=0
SCANNED DerridaRetaux/Analysis/MomentConvergence.lean forbidden_tokens=0
SCANNED DerridaRetaux/Analysis/MomentConvergenceFromLocal.lean forbidden_tokens=0
SCANNED DerridaRetaux/Analysis/MomentDuhamelIntegrability.lean forbidden_tokens=0
SCANNED DerridaRetaux/Analysis/MomentMildDerivative.lean forbidden_tokens=0
SCANNED DerridaRetaux/Analysis/MomentPassage.lean forbidden_tokens=0
SCANNED DerridaRetaux/Analysis/MomentTailMonotonicity.lean forbidden_tokens=0
SCANNED DerridaRetaux/Analysis/OrbitConvolutionBounds.lean forbidden_tokens=0
SCANNED DerridaRetaux/Analysis/OrbitMomentBound.lean forbidden_tokens=0
SCANNED DerridaRetaux/Analysis/OrbitMomentEnvelope.lean forbidden_tokens=0
SCANNED DerridaRetaux/Analysis/PointwiseFromFar.lean forbidden_tokens=0
SCANNED DerridaRetaux/Analysis/PositiveConvolutionHigherMoments.lean forbidden_tokens=0
SCANNED DerridaRetaux/Analysis/PositiveConvolutionLaplace.lean forbidden_tokens=0
SCANNED DerridaRetaux/Analysis/PositiveConvolutionMomentIntegrability.lean forbidden_tokens=0
SCANNED DerridaRetaux/Analysis/PositiveConvolutionMoments.lean forbidden_tokens=0
SCANNED DerridaRetaux/Analysis/PositiveConvolutionNonneg.lean forbidden_tokens=0
SCANNED DerridaRetaux/Analysis/PositiveConvolutionThirdMoment.lean forbidden_tokens=0
SCANNED DerridaRetaux/Analysis/PositiveHalfStripContinuity.lean forbidden_tokens=0
SCANNED DerridaRetaux/Analysis/PositiveTimeContinuity.lean forbidden_tokens=0
SCANNED DerridaRetaux/Analysis/ProfileCompactness.lean forbidden_tokens=0
SCANNED DerridaRetaux/Analysis/ProfileCompactnessClamped.lean forbidden_tokens=0
SCANNED DerridaRetaux/Analysis/ProfileCompactnessInterpolant.lean forbidden_tokens=0
SCANNED DerridaRetaux/Analysis/ProfileCompactnessNodes.lean forbidden_tokens=0
SCANNED DerridaRetaux/Analysis/ProfileCompactnessOrbit.lean forbidden_tokens=0
SCANNED DerridaRetaux/Analysis/ProfileCompactnessSubsequence.lean forbidden_tokens=0
SCANNED DerridaRetaux/Analysis/ProfileConsequences.lean forbidden_tokens=0
SCANNED DerridaRetaux/Analysis/QuadraticConvolutionLimit.lean forbidden_tokens=0
SCANNED DerridaRetaux/Analysis/QuadraticDuhamelIntegrand.lean forbidden_tokens=0
SCANNED DerridaRetaux/Analysis/QuadraticDuhamelRiemann.lean forbidden_tokens=0
SCANNED DerridaRetaux/Analysis/QuadraticDuhamelScaling.lean forbidden_tokens=0
SCANNED DerridaRetaux/Analysis/QuadraticSegmentLimit.lean forbidden_tokens=0
SCANNED DerridaRetaux/Analysis/ReadoutBounds.lean forbidden_tokens=0
SCANNED DerridaRetaux/Analysis/ReadoutConsequences.lean forbidden_tokens=0
SCANNED DerridaRetaux/Analysis/RightDerivativeClosure.lean forbidden_tokens=0
SCANNED DerridaRetaux/Analysis/ShiftedConvolutionBound.lean forbidden_tokens=0
SCANNED DerridaRetaux/Analysis/ShiftedLaplaceContinuity.lean forbidden_tokens=0
SCANNED DerridaRetaux/Analysis/ShiftedLaplaceTriangleContinuity.lean forbidden_tokens=0
SCANNED DerridaRetaux/Analysis/ShiftedMomentBinomial.lean forbidden_tokens=0
SCANNED DerridaRetaux/Analysis/ShiftedMomentContinuity.lean forbidden_tokens=0
SCANNED DerridaRetaux/Analysis/ShiftedMomentIntegrability.lean forbidden_tokens=0
SCANNED DerridaRetaux/Analysis/ShiftedMomentTriangleContinuity.lean forbidden_tokens=0
SCANNED DerridaRetaux/Analysis/ShiftedSpacetimeConvolution.lean forbidden_tokens=0
SCANNED DerridaRetaux/Analysis/ShrinkingIntervalDerivative.lean forbidden_tokens=0
SCANNED DerridaRetaux/Analysis/SmoothingAlgebra.lean forbidden_tokens=0
SCANNED DerridaRetaux/Analysis/SmoothingBounds.lean forbidden_tokens=0
SCANNED DerridaRetaux/Analysis/SmoothingOrbitBounds.lean forbidden_tokens=0
SCANNED DerridaRetaux/Analysis/SpacetimeConvolutionLimit.lean forbidden_tokens=0
SCANNED DerridaRetaux/Analysis/SpacetimeConvolutionRiemann.lean forbidden_tokens=0
SCANNED DerridaRetaux/Analysis/SpacetimeLatticeDensity.lean forbidden_tokens=0
SCANNED DerridaRetaux/Analysis/SpacetimeMovingReadout.lean forbidden_tokens=0
SCANNED DerridaRetaux/Analysis/SpatialTelescoping.lean forbidden_tokens=0
SCANNED DerridaRetaux/Analysis/TemporalSmoothing.lean forbidden_tokens=0
SCANNED DerridaRetaux/Analysis/TerminalReadoutLimit.lean forbidden_tokens=0
SCANNED DerridaRetaux/Analysis/TimeRiemannLimit.lean forbidden_tokens=0
SCANNED DerridaRetaux/Analysis/TransportPolynomial.lean forbidden_tokens=0
SCANNED DerridaRetaux/Analysis/TruncatedSmoothingBounds.lean forbidden_tokens=0
SCANNED DerridaRetaux/Analysis/TruncatedTelescope.lean forbidden_tokens=0
SCANNED DerridaRetaux/Analysis/UniformLatticeCriterion.lean forbidden_tokens=0
SCANNED DerridaRetaux/Analysis/UniformParameterizedRiemann.lean forbidden_tokens=0
SCANNED DerridaRetaux/Analysis/UniformProductHalf.lean forbidden_tokens=0
SCANNED DerridaRetaux/Analysis/UniformWindowError.lean forbidden_tokens=0
SCANNED DerridaRetaux/Analysis/WeakIntegratedIdentity.lean forbidden_tokens=0
SCANNED DerridaRetaux/Analysis/WeightedMomentBound.lean forbidden_tokens=0
SCANNED DerridaRetaux/Analysis/WeightedNorm.lean forbidden_tokens=0
SCANNED DerridaRetaux/Analysis/YaglomWeakEquation.lean forbidden_tokens=0
SCANNED DerridaRetaux/Arrival/ArrivalRecursion.lean forbidden_tokens=0
SCANNED DerridaRetaux/Arrival/InitialTail.lean forbidden_tokens=0
SCANNED DerridaRetaux/Arrival/IntegerShift.lean forbidden_tokens=0
SCANNED DerridaRetaux/Arrival/MomentTail.lean forbidden_tokens=0
SCANNED DerridaRetaux/Arrival/SourceBounds.lean forbidden_tokens=0
SCANNED DerridaRetaux/Arrival/SourceDifference.lean forbidden_tokens=0
SCANNED DerridaRetaux/Arrival/SourceDifferenceBound.lean forbidden_tokens=0
SCANNED DerridaRetaux/Arrival/SourceNormalForm.lean forbidden_tokens=0
SCANNED DerridaRetaux/Arrival/SourceTags.lean forbidden_tokens=0
SCANNED DerridaRetaux/Arrival/VisitOnce.lean forbidden_tokens=0
SCANNED DerridaRetaux/Audit/AllSourceDecls.lean forbidden_tokens=0
SCANNED DerridaRetaux/Audit/ArchitectureCounterexample.lean forbidden_tokens=0
SCANNED DerridaRetaux/Audit/HumanInputs.lean forbidden_tokens=0
SCANNED DerridaRetaux/Audit/MathlibApiSmoke.lean forbidden_tokens=0
SCANNED DerridaRetaux/Audit/MildSourceDecls.lean forbidden_tokens=0
SCANNED DerridaRetaux/Audit/PrintAxioms.lean forbidden_tokens=0
SCANNED DerridaRetaux/Audit/SourceWrappers.lean forbidden_tokens=0
SCANNED DerridaRetaux/Audit/StatementCompletion.lean forbidden_tokens=0
SCANNED DerridaRetaux/Basic/Convolution.lean forbidden_tokens=0
SCANNED DerridaRetaux/Basic/CriticalExamples.lean forbidden_tokens=0
SCANNED DerridaRetaux/Basic/PMFBridge.lean forbidden_tokens=0
SCANNED DerridaRetaux/Basic/ProbabilityMass.lean forbidden_tokens=0
SCANNED DerridaRetaux/Basic/RecursionBridge.lean forbidden_tokens=0
SCANNED DerridaRetaux/Basic/Sequence.lean forbidden_tokens=0
SCANNED DerridaRetaux/Basic/WeightedConvolution.lean forbidden_tokens=0
SCANNED DerridaRetaux/ExternalSignatures.lean forbidden_tokens=0
HUMAN_INPUT cdhls_excess_upper
HUMAN_INPUT cdhls_product_upper
HUMAN_INPUT kotani_characteristic_eq_implies_translate
HUMAN_INPUT chenShi_stable_product
SCANNED DerridaRetaux/HumanInputs.lean forbidden_tokens=0
SCANNED DerridaRetaux/Main/Arrival.lean forbidden_tokens=0
SCANNED DerridaRetaux/Main/ArrivalBounds.lean forbidden_tokens=0
SCANNED DerridaRetaux/Main/ContinuumCharacteristic.lean forbidden_tokens=0
SCANNED DerridaRetaux/Main/ContinuumConstructedPhi.lean forbidden_tokens=0
SCANNED DerridaRetaux/Main/ContinuumConstructedPhiBounds.lean forbidden_tokens=0
SCANNED DerridaRetaux/Main/ContinuumConvolutionMoments.lean forbidden_tokens=0
SCANNED DerridaRetaux/Main/ContinuumEndpointExpansion.lean forbidden_tokens=0
SCANNED DerridaRetaux/Main/ContinuumEndpointLimit.lean forbidden_tokens=0
SCANNED DerridaRetaux/Main/ContinuumIdentification.lean forbidden_tokens=0
SCANNED DerridaRetaux/Main/ContinuumLaplaceContinuity.lean forbidden_tokens=0
SCANNED DerridaRetaux/Main/ContinuumLaplaceDuhamelIntegrability.lean forbidden_tokens=0
SCANNED DerridaRetaux/Main/ContinuumLaplaceGap.lean forbidden_tokens=0
SCANNED DerridaRetaux/Main/ContinuumLaplaceGapRegularity.lean forbidden_tokens=0
SCANNED DerridaRetaux/Main/ContinuumLaplaceMildIdentity.lean forbidden_tokens=0
SCANNED DerridaRetaux/Main/ContinuumLaplaceODE.lean forbidden_tokens=0
SCANNED DerridaRetaux/Main/ContinuumLaplaceRightDerivative.lean forbidden_tokens=0
SCANNED DerridaRetaux/Main/ContinuumLimit.lean forbidden_tokens=0
SCANNED DerridaRetaux/Main/ContinuumMild.lean forbidden_tokens=0
SCANNED DerridaRetaux/Main/ContinuumMomentBounds.lean forbidden_tokens=0
SCANNED DerridaRetaux/Main/ContinuumMomentContinuity.lean forbidden_tokens=0
SCANNED DerridaRetaux/Main/ContinuumMomentDuhamelIntegrability.lean forbidden_tokens=0
SCANNED DerridaRetaux/Main/ContinuumMomentMildIdentity.lean forbidden_tokens=0
SCANNED DerridaRetaux/Main/ContinuumMomentODE.lean forbidden_tokens=0
SCANNED DerridaRetaux/Main/ContinuumMomentODERight.lean forbidden_tokens=0
SCANNED DerridaRetaux/Main/ContinuumMomentPassage.lean forbidden_tokens=0
SCANNED DerridaRetaux/Main/ContinuumMomentRightDerivativeThree.lean forbidden_tokens=0
SCANNED DerridaRetaux/Main/ContinuumMomentRightDerivativeTwo.lean forbidden_tokens=0
SCANNED DerridaRetaux/Main/ContinuumMomentRightDerivatives.lean forbidden_tokens=0
SCANNED DerridaRetaux/Main/ContinuumMoments.lean forbidden_tokens=0
SCANNED DerridaRetaux/Main/ContinuumPhysicalTime.lean forbidden_tokens=0
SCANNED DerridaRetaux/Main/ContinuumPositiveHalfStrip.lean forbidden_tokens=0
SCANNED DerridaRetaux/Main/ContinuumProfile.lean forbidden_tokens=0
SCANNED DerridaRetaux/Main/ContinuumRemainder.lean forbidden_tokens=0
SCANNED DerridaRetaux/Main/ContinuumRigidityMoments.lean forbidden_tokens=0
SCANNED DerridaRetaux/Main/ContinuumShiftedConvolution.lean forbidden_tokens=0
SCANNED DerridaRetaux/Main/ContinuumShiftedConvolutionLaplace.lean forbidden_tokens=0
SCANNED DerridaRetaux/Main/ContinuumShiftedConvolutionLaplaceTriangle.lean forbidden_tokens=0
SCANNED DerridaRetaux/Main/ContinuumShiftedConvolutionTriangle.lean forbidden_tokens=0
SCANNED DerridaRetaux/Main/ContinuumThirdTail.lean forbidden_tokens=0
SCANNED DerridaRetaux/Main/ContinuumWeakEquation.lean forbidden_tokens=0
SCANNED DerridaRetaux/Main/DiscreteMoment.lean forbidden_tokens=0
SCANNED DerridaRetaux/Main/Identification.lean forbidden_tokens=0
SCANNED DerridaRetaux/Main/IdentificationFinal.lean forbidden_tokens=0
SCANNED DerridaRetaux/Main/IdentificationModel.lean forbidden_tokens=0
SCANNED DerridaRetaux/Main/MomentLaplaceODE.lean forbidden_tokens=0
SCANNED DerridaRetaux/Main/MomentLaplaceRegularity.lean forbidden_tokens=0
SCANNED DerridaRetaux/Main/ProfileConvergence.lean forbidden_tokens=0
SCANNED DerridaRetaux/Main/ProfileFinal.lean forbidden_tokens=0
SCANNED DerridaRetaux/Main/ProfileTheorem.lean forbidden_tokens=0
SCANNED DerridaRetaux/Main/Remainder.lean forbidden_tokens=0
SCANNED DerridaRetaux/Main/Sharpness.lean forbidden_tokens=0
SCANNED DerridaRetaux/Main/SharpnessCore.lean forbidden_tokens=0
SCANNED DerridaRetaux/Main/Smoothing.lean forbidden_tokens=0
SCANNED DerridaRetaux/Main/Spine.lean forbidden_tokens=0
SCANNED DerridaRetaux/Main/SpineCore.lean forbidden_tokens=0
SCANNED DerridaRetaux/Model/CoarseRelations.lean forbidden_tokens=0
SCANNED DerridaRetaux/Model/Criticality.lean forbidden_tokens=0
SCANNED DerridaRetaux/Model/DensityRecursion.lean forbidden_tokens=0
SCANNED DerridaRetaux/Model/GeneratingFunction.lean forbidden_tokens=0
SCANNED DerridaRetaux/Model/MomentPropagation.lean forbidden_tokens=0
SCANNED DerridaRetaux/Model/NormalizedTilt.lean forbidden_tokens=0
SCANNED DerridaRetaux/Model/Observables.lean forbidden_tokens=0
SCANNED DerridaRetaux/Model/Readout.lean forbidden_tokens=0
SCANNED DerridaRetaux/Model/Recursion.lean forbidden_tokens=0
SCANNED DerridaRetaux/Model/Tilted.lean forbidden_tokens=0
SCANNED DerridaRetaux/Model/TiltedProperties.lean forbidden_tokens=0
SCANNED DerridaRetaux/Model/TiltedRecursion.lean forbidden_tokens=0
SCANNED DerridaRetaux/Model/TransportCoefficient.lean forbidden_tokens=0
SCANNED DerridaRetaux/Model/TransportLimit.lean forbidden_tokens=0
SCANNED DerridaRetaux/Model/ZeroAtom.lean forbidden_tokens=0
SCANNED DerridaRetaux/Prelim/AtomTail.lean forbidden_tokens=0
SCANNED DerridaRetaux/Prelim/AtomTailAbel.lean forbidden_tokens=0
SCANNED DerridaRetaux/Prelim/CoarseMomentBounds.lean forbidden_tokens=0
SCANNED DerridaRetaux/Prelim/CubicMoment.lean forbidden_tokens=0
SCANNED DerridaRetaux/Prelim/FarTail.lean forbidden_tokens=0
SCANNED DerridaRetaux/Prelim/TransportUniform.lean forbidden_tokens=0
SCANNED DerridaRetaux/Prelim/WeightedMass.lean forbidden_tokens=0
SCANNED DerridaRetaux/Prelim/WeightedMassOrbit.lean forbidden_tokens=0
SCANNED DerridaRetaux/Rigidity/CharacteristicReduction.lean forbidden_tokens=0
SCANNED DerridaRetaux/Rigidity/ConstructedCharacteristic.lean forbidden_tokens=0
SCANNED DerridaRetaux/Rigidity/ConstructedEndpointAsymptotics.lean forbidden_tokens=0
SCANNED DerridaRetaux/Rigidity/ConstructedEndpointGlobal.lean forbidden_tokens=0
SCANNED DerridaRetaux/Rigidity/ConstructedEndpointProperties.lean forbidden_tokens=0
SCANNED DerridaRetaux/Rigidity/ConstructedEntranceExpansion.lean forbidden_tokens=0
SCANNED DerridaRetaux/Rigidity/ConstructedSolution.lean forbidden_tokens=0
SCANNED DerridaRetaux/Rigidity/ConstructedStringDensity.lean forbidden_tokens=0
SCANNED DerridaRetaux/Rigidity/ConstructedStringIntegralDensity.lean forbidden_tokens=0
SCANNED DerridaRetaux/Rigidity/ConstructedStringMeasureDensity.lean forbidden_tokens=0
SCANNED DerridaRetaux/Rigidity/ConstructedStringVolterra.lean forbidden_tokens=0
SCANNED DerridaRetaux/Rigidity/CumulativeToPhysicalTime.lean forbidden_tokens=0
SCANNED DerridaRetaux/Rigidity/EndpointEntranceLowerBound.lean forbidden_tokens=0
SCANNED DerridaRetaux/Rigidity/EndpointEntranceMonotonicity.lean forbidden_tokens=0
SCANNED DerridaRetaux/Rigidity/EndpointEntranceNormalization.lean forbidden_tokens=0
SCANNED DerridaRetaux/Rigidity/EndpointEntranceSolution.lean forbidden_tokens=0
SCANNED DerridaRetaux/Rigidity/EndpointEntranceVolterra.lean forbidden_tokens=0
SCANNED DerridaRetaux/Rigidity/EndpointReductionAsymptotics.lean forbidden_tokens=0
SCANNED DerridaRetaux/Rigidity/EndpointReductionDerivative.lean forbidden_tokens=0
SCANNED DerridaRetaux/Rigidity/EndpointReductionIntegral.lean forbidden_tokens=0
SCANNED DerridaRetaux/Rigidity/EndpointRepresentation.lean forbidden_tokens=0
SCANNED DerridaRetaux/Rigidity/EntranceStringBase.lean forbidden_tokens=0
SCANNED DerridaRetaux/Rigidity/EntranceStringSmoke.lean forbidden_tokens=0
SCANNED DerridaRetaux/Rigidity/ModelCharacteristic.lean forbidden_tokens=0
SCANNED DerridaRetaux/Rigidity/ModelCharacteristicFinal.lean forbidden_tokens=0
SCANNED DerridaRetaux/Rigidity/ModelCharacteristicParameter.lean forbidden_tokens=0
SCANNED DerridaRetaux/Rigidity/ModelEndpointProperties.lean forbidden_tokens=0
SCANNED DerridaRetaux/Rigidity/ModelString.lean forbidden_tokens=0
SCANNED DerridaRetaux/Rigidity/ModelVolterra.lean forbidden_tokens=0
SCANNED DerridaRetaux/Rigidity/ModelVolterraEquation.lean forbidden_tokens=0
SCANNED DerridaRetaux/Rigidity/ModelVolterraIntegral.lean forbidden_tokens=0
SCANNED DerridaRetaux/Rigidity/ModelVolterraProperties.lean forbidden_tokens=0
SCANNED DerridaRetaux/Rigidity/PhysicalTime.lean forbidden_tokens=0
SCANNED DerridaRetaux/Rigidity/RiccatiPhysicalTime.lean forbidden_tokens=0
SCANNED DerridaRetaux/Rigidity/StringAdmissibility.lean forbidden_tokens=0
SCANNED DerridaRetaux/Rigidity/StringCoordinates.lean forbidden_tokens=0
SCANNED DerridaRetaux/Rigidity/Translation.lean forbidden_tokens=0
SCANNED DerridaRetaux/Sharpness/LogCesaro.lean forbidden_tokens=0
SCANNED DerridaRetaux/Sharpness/PowerTail.lean forbidden_tokens=0
SCANNED DerridaRetaux/Sharpness/ProductContradiction.lean forbidden_tokens=0
SCANNED DerridaRetaux/Sharpness/StableProduct.lean forbidden_tokens=0
SCANNED DerridaRetaux/Spine/Allocation.lean forbidden_tokens=0
SCANNED DerridaRetaux/Spine/CompanionExpectations.lean forbidden_tokens=0
SCANNED DerridaRetaux/Spine/ConcreteTail.lean forbidden_tokens=0
SCANNED DerridaRetaux/Spine/Coupling.lean forbidden_tokens=0
SCANNED DerridaRetaux/Spine/FactorialCauchy.lean forbidden_tokens=0
SCANNED DerridaRetaux/Spine/IncrementBound.lean forbidden_tokens=0
SCANNED DerridaRetaux/Spine/InfinitePath.lean forbidden_tokens=0
SCANNED DerridaRetaux/Spine/Kernel.lean forbidden_tokens=0
SCANNED DerridaRetaux/Spine/OutputMarginal.lean forbidden_tokens=0
SCANNED DerridaRetaux/Spine/PathTail.lean forbidden_tokens=0
SCANNED DerridaRetaux/Spine/SizeBiased.lean forbidden_tokens=0
SCANNED DerridaRetaux/Spine/ThirdTail.lean forbidden_tokens=0
LEAN_SOURCE_BYTES_MATCH_COMPILED_PROJECT=true
